../Core/Src/w25qxx.c:20:9:W25qxx_Spi	40	static
../Core/Src/w25qxx.c:28:10:W25qxx_ReadID	24	static
../Core/Src/w25qxx.c:42:6:W25qxx_ReadUniqID	24	static
../Core/Src/w25qxx.c:53:6:W25qxx_WriteEnable	8	static
../Core/Src/w25qxx.c:61:6:W25qxx_WriteDisable	8	static
../Core/Src/w25qxx.c:69:9:W25qxx_ReadStatusRegister	32	static
../Core/Src/w25qxx.c:95:6:W25qxx_WriteStatusRegister	16	static
../Core/Src/w25qxx.c:117:6:W25qxx_WaitForWriteEnd	8	static
../Core/Src/w25qxx.c:131:6:W25qxx_Init	16	static
../Core/Src/w25qxx.c:251:6:W25qxx_EraseChip	8	static
../Core/Src/w25qxx.c:272:6:W25qxx_EraseSector	16	static
../Core/Src/w25qxx.c:300:6:W25qxx_EraseBlock	16	static
../Core/Src/w25qxx.c:330:10:W25qxx_PageToSector	16	static
../Core/Src/w25qxx.c:335:10:W25qxx_PageToBlock	16	static
../Core/Src/w25qxx.c:340:10:W25qxx_SectorToBlock	16	static
../Core/Src/w25qxx.c:345:10:W25qxx_SectorToPage	16	static
../Core/Src/w25qxx.c:350:10:W25qxx_BlockToPage	16	static
../Core/Src/w25qxx.c:355:7:W25qxx_IsEmptyPage	80	static
../Core/Src/w25qxx.c:424:7:W25qxx_IsEmptySector	80	static
../Core/Src/w25qxx.c:493:7:W25qxx_IsEmptyBlock	80	static
../Core/Src/w25qxx.c:562:6:W25qxx_WriteByte	16	static
../Core/Src/w25qxx.c:589:7:W25qxx_WritePage	24	static
../Core/Src/w25qxx.c:635:7:W25qxx_WriteSector	48	static
../Core/Src/w25qxx.c:674:7:W25qxx_WriteBlock	48	static
../Core/Src/w25qxx.c:713:7:W25qxx_ReadByte	16	static
../Core/Src/w25qxx.c:738:6:W25qxx_ReadBytes	24	static
../Core/Src/w25qxx.c:776:7:W25qxx_ReadPage	24	static
../Core/Src/w25qxx.c:820:7:W25qxx_ReadSector	48	static
../Core/Src/w25qxx.c:859:7:W25qxx_ReadBlock	48	static
